// Jest Snapshot v1, https://goo.gl/fbAQLP

exports[`App Snapshot should match snapshot 1`] = `
Array [
  <p>
    <a
      href="/hero"
      onClick={[Function]}
    >
      + Add Hero
    </a>
  </p>,
  <ul />,
]
`;
