// Jest Snapshot v1, https://goo.gl/fbAQLP

exports[`Detail snapshot should match 1`] = `<ul />`;
