// Jest Snapshot v1, https://goo.gl/fbAQLP

exports[`HeroListItem snapshot should match 1`] = `
<p>
  HeroListItem works!
</p>
`;
