// Jest Snapshot v1, https://goo.gl/fbAQLP

exports[`Header snapshot should match 1`] = `
<button
  onClick={[Function]}
>
  Login
</button>
`;
