// Jest Snapshot v1, https://goo.gl/fbAQLP

exports[`App snapshot should match 1`] = `
Array [
  " ",
  <div
    className="login__container"
  >
    <div
      className="login__box"
    >
      <img
        className="login__logo--size"
        src="https://image.flaticon.com/icons/svg/770/770906.svg"
      />
      <h2
        className="login__title"
      >
        Login with
      </h2>
      <form />
      <a
        onClick={[Function]}
      >
        EMAIL
      </a>
      <a
        onClick={[Function]}
      >
        GOOGLE
      </a>
      <a
        onClick={[Function]}
      >
        ANON
      </a>
      <h2
        className="login__title"
      >
        OR
      </h2>
      <a
        onClick={[Function]}
      >
        REGISTER
      </a>
    </div>
  </div>,
  <footer>
    <div
      className="developers"
    >
      <div
        className="cards__container"
      >
        <div
          className="developer__card"
        >
          <img
            src="https://media-exp1.licdn.com/dms/image/C4D03AQGMlE1gdp-gmA/profile-displayphoto-shrink_400_400/0?e=1602115200&v=beta&t=LsP0qnf8ibaqqOxp2gcazvEmxCtwF0XsCqnUkF8N_JY"
          />
          <div>
            <h4>
              Anna Codina Aparicio
            </h4>
            <p>
              FullStack Web Developer
            </p>
          </div>
        </div>
        <div
          className="developer__card"
        >
          <img
            src="https://media-exp1.licdn.com/dms/image/C5603AQEZPiAr7_RCxA/profile-displayphoto-shrink_400_400/0?e=1602115200&v=beta&t=z8RyBtkp3SCyRZEnFBW1KU286hrCLlbxDYxbfSLyen8"
          />
          <div>
            <h4>
              Mart√≠ Amat Vila
            </h4>
            <p>
              FullStack Web Developer
            </p>
          </div>
        </div>
        <div
          className="developer__card"
        >
          <img
            src="https://media-exp1.licdn.com/dms/image/C4E03AQH5l5tJ8mWCrg/profile-displayphoto-shrink_400_400/0?e=1602115200&v=beta&t=LfwCAI3RsPfwpLb5mzuFLYhsyqGg9iJQBNUc18bVgSs"
          />
          <div>
            <h4>
              Santiago Robinet Garritano
            </h4>
            <p>
              FullStack Web Developer
            </p>
          </div>
        </div>
      </div>
    </div>
    <div
      className="info__link__container"
    >
      <h3
        className="info__title"
      >
        Info
      </h3>
      <a
        className="api__link"
        href="https://developer.edamam.com/es/api-recetas-edamam-documentacion"
      >
        Edamam API
      </a>
    </div>
  </footer>,
]
`;
