// Jest Snapshot v1, https://goo.gl/fbAQLP

exports[`App snapshot should match 1`] = `
Array [
  <div>
    <h1>
      Top Heroes
    </h1>
  </div>,
  <div
    className="dashboard-item-container"
  />,
]
`;
