// Jest Snapshot v1, https://goo.gl/fbAQLP

exports[`App snapshot should match 1`] = `
<section>
  <h1>
    Error 404:
  </h1>
  <h2>
    Oops!! Page not found!!!!
  </h2>
  <a
    href="/"
    onClick={[Function]}
  >
    Navigate to Dashboard
  </a>
</section>
`;
