// Jest Snapshot v1, https://goo.gl/fbAQLP

exports[`ProfileHeader snapshot Should match with editInfo 1`] = `
<section
  className="user-header"
>
  <img
    alt="user"
    className="user-header__photo"
    onClick={[Function]}
    src="photo"
  />
  <input
    name="file"
    onChange={[Function]}
    style={
      Object {
        "display": "none",
      }
    }
    type="file"
  />
  <div
    className="user-header__banner"
  >
    <img
      alt="Banner"
      className="banner__img"
      onClick={[Function]}
      src="banner"
    />
    <input
      name="file"
      onChange={[Function]}
      style={
        Object {
          "display": "none",
        }
      }
      type="file"
    />
  </div>
  <div
    className="user-header__edit"
  >
    <svg
      aria-hidden={true}
      className="MuiSvgIcon-root edit__gear orange"
      focusable="false"
      onClick={[Function]}
      viewBox="0 0 24 24"
    >
      <path
        d="M15.95 10.78c.03-.25.05-.51.05-.78s-.02-.53-.06-.78l1.69-1.32c.15-.12.19-.34.1-.51l-1.6-2.77c-.1-.18-.31-.24-.49-.18l-1.99.8c-.42-.32-.86-.58-1.35-.78L12 2.34c-.03-.2-.2-.34-.4-.34H8.4c-.2 0-.36.14-.39.34l-.3 2.12c-.49.2-.94.47-1.35.78l-1.99-.8c-.18-.07-.39 0-.49.18l-1.6 2.77c-.1.18-.06.39.1.51l1.69 1.32c-.04.25-.07.52-.07.78s.02.53.06.78L2.37 12.1c-.15.12-.19.34-.1.51l1.6 2.77c.1.18.31.24.49.18l1.99-.8c.42.32.86.58 1.35.78l.3 2.12c.04.2.2.34.4.34h3.2c.2 0 .37-.14.39-.34l.3-2.12c.49-.2.94-.47 1.35-.78l1.99.8c.18.07.39 0 .49-.18l1.6-2.77c.1-.18.06-.39-.1-.51l-1.67-1.32zM10 13c-1.65 0-3-1.35-3-3s1.35-3 3-3 3 1.35 3 3-1.35 3-3 3z"
        transform="scale(1.2, 1.2)"
      />
    </svg>
    <svg
      aria-hidden={true}
      className="MuiSvgIcon-root edit__save"
      focusable="false"
      onClick={[Function]}
      viewBox="0 0 24 24"
    >
      <path
        d="M17 3H5c-1.11 0-2 .9-2 2v14c0 1.1.89 2 2 2h14c1.1 0 2-.9 2-2V7l-4-4zm-5 16c-1.66 0-3-1.34-3-3s1.34-3 3-3 3 1.34 3 3-1.34 3-3 3zm3-10H5V5h10v4z"
      />
    </svg>
  </div>
</section>
`;

exports[`ProfileHeader snapshot Should match without editInfo 1`] = `
<section
  className="user-header"
>
  <img
    alt="user"
    className="user-header__photo"
    onClick={[Function]}
    src="photo"
  />
  <input
    name="file"
    onChange={[Function]}
    style={
      Object {
        "display": "none",
      }
    }
    type="file"
  />
  <div
    className="user-header__banner"
  >
    <img
      alt="Banner"
      className="banner__img"
      onClick={[Function]}
      src="banner"
    />
    <input
      name="file"
      onChange={[Function]}
      style={
        Object {
          "display": "none",
        }
      }
      type="file"
    />
  </div>
  <div
    className="user-header__edit"
  >
    <svg
      aria-hidden={true}
      className="MuiSvgIcon-root edit__gear white"
      focusable="false"
      onClick={[Function]}
      viewBox="0 0 24 24"
    >
      <path
        d="M15.95 10.78c.03-.25.05-.51.05-.78s-.02-.53-.06-.78l1.69-1.32c.15-.12.19-.34.1-.51l-1.6-2.77c-.1-.18-.31-.24-.49-.18l-1.99.8c-.42-.32-.86-.58-1.35-.78L12 2.34c-.03-.2-.2-.34-.4-.34H8.4c-.2 0-.36.14-.39.34l-.3 2.12c-.49.2-.94.47-1.35.78l-1.99-.8c-.18-.07-.39 0-.49.18l-1.6 2.77c-.1.18-.06.39.1.51l1.69 1.32c-.04.25-.07.52-.07.78s.02.53.06.78L2.37 12.1c-.15.12-.19.34-.1.51l1.6 2.77c.1.18.31.24.49.18l1.99-.8c.42.32.86.58 1.35.78l.3 2.12c.04.2.2.34.4.34h3.2c.2 0 .37-.14.39-.34l.3-2.12c.49-.2.94-.47 1.35-.78l1.99.8c.18.07.39 0 .49-.18l1.6-2.77c.1-.18.06-.39-.1-.51l-1.67-1.32zM10 13c-1.65 0-3-1.35-3-3s1.35-3 3-3 3 1.35 3 3-1.35 3-3 3z"
        transform="scale(1.2, 1.2)"
      />
    </svg>
  </div>
</section>
`;
