// Jest Snapshot v1, https://goo.gl/fbAQLP

exports[`logoutButton snapshot should match 1`] = `
<button
  className="logoutButton"
  onClick={[Function]}
>
  Log Out
</button>
`;
