// Jest Snapshot v1, https://goo.gl/fbAQLP

exports[`profile snapshot should match 1`] = `null`;
