// Jest Snapshot v1, https://goo.gl/fbAQLP

exports[`profileComponent should macth 1`] = `
<div
  className="details-holder"
>
  <div
    className="flex-item"
  >
    <div
      className="row"
    >
      <div
        className="detail-container flex-item"
      >
        <div
          className="card hovercard"
        >
          <div
            className="photoProfile"
          />
          <div
            className="avatar"
          >
            <img
              alt="user profile"
              src="https://w7.pngwing.com/pngs/304/275/png-transparent-user-profile-computer-icons-profile-miscellaneous-logo-monochrome.png"
            />
          </div>
          <div
            className="info"
          >
            <div
              className="title"
            >
              <div>
                PROFILE
              </div>
            </div>
            <div
              className="profile-desc-content text-profile"
            >
              <div
                className="details-desc"
              >
                FULL NAME: 
                <span>
                  Undefined
                </span>
              </div>
              <div
                className="details-desc"
              >
                EMAIL: 
                <span>
                  Undefined
                </span>
              </div>
              <div
                className="details-desc"
              >
                RACE: 
                <span>
                  Human
                </span>
              </div>
              <div
                className="details-desc"
              >
                STATUS: 
                <span>
                  Alive
                </span>
              </div>
              <div
                className="details-desc"
              >
                PLANET: 
                <span>
                  Earth
                </span>
              </div>
              <div
                className="details-desc"
              >
                Nº OF VICTORIES: 
                <span>
                  0
                </span>
              </div>
              <div
                className="details-desc"
              />
              <div
                className="details-desc"
              >
                Nº OF DEFEATS: 
                <span>
                  0
                </span>
              </div>
              <p>
                Do you want to increase your victories?
              </p>
              <a
                href="/game/:enemy"
                onClick={[Function]}
              >
                Click here to fight!
              </a>
            </div>
            <div>
              <button
                className="'row figthlink btn'"
                onClick={[Function]}
              >
                <a
                  href="/login"
                  onClick={[Function]}
                >
                  Logout
                </a>
              </button>
            </div>
          </div>
        </div>
      </div>
    </div>
  </div>
</div>
`;
