// Jest Snapshot v1, https://goo.gl/fbAQLP

exports[`SagaComponent should load sagas 1`] = `
<div
  className="card-holder flex-item flex-col centred"
/>
`;
