// Jest Snapshot v1, https://goo.gl/fbAQLP

exports[`Dashboard snapshot Should match 1`] = `
<p>
  HeroDashboard works!
</p>
`;
