// Jest Snapshot v1, https://goo.gl/fbAQLP

exports[`ListItems snapshot Should match 1`] = `
<p>
  HeroListItem works!
</p>
`;
