// Jest Snapshot v1, https://goo.gl/fbAQLP

exports[`Lists snapshot Should match 1`] = `<ul />`;
