// Jest Snapshot v1, https://goo.gl/fbAQLP

exports[`TextInputs snapshot Should match 1`] = `
<label>
  Name: 
  <input
    type="text"
  />
</label>
`;
