// Jest Snapshot v1, https://goo.gl/fbAQLP

exports[`Login should match without id 1`] = `
<button
  className="header__login"
  onClick={[Function]}
/>
`;
