// Jest Snapshot v1, https://goo.gl/fbAQLP

exports[`Game_multiplayer snapshot should match 1`] = `
<p>
  Loading question data...
</p>
`;
