// Jest Snapshot v1, https://goo.gl/fbAQLP

exports[`Register snapshot should match 1`] = `
<p>
  REGISTER PAGE
</p>
`;
