// Jest Snapshot v1, https://goo.gl/fbAQLP

exports[`footerComponent should macth 1`] = `
<div
  className="mainContainer"
>
  <img
    alt="Dragon Ball One Start"
    onClick={[Function]}
    src="https://i.pinimg.com/originals/a5/f9/a2/a5f9a2eb5c0bfb1f66988696e1f31334.png"
    title="Go Back"
  />
  <p>
    By Gemma Sanz | Gabriel Penalva | Jordi Mu√±oz
  </p>
</div>
`;
